[pranali@oc3342480422 ~]$ docker run -it --name dev5 ubuntu
/usr/bin/docker-current: Got permission denied while trying to connect to the Docker daemon socket at unix:///var/run/docker.sock: Post http://%2Fvar%2Frun%2Fdocker.sock/v1.26/containers/create?name=dev5: dial unix /var/run/docker.sock: connect: permission denied.
See '/usr/bin/docker-current run --help'.
[pranali@oc3342480422 ~]$ sudo su
[sudo] password for pranali: 
[root@oc3342480422 pranali]# docker run -it --name dev5 ubuntu
root@125473e03063:/# useradd -m -d /home/pranali -s /bin/bash
Usage: useradd [options] LOGIN
       useradd -D
       useradd -D [options]

Options:
  -b, --base-dir BASE_DIR       base directory for the home directory of the
                                new account
  -c, --comment COMMENT         GECOS field of the new account
  -d, --home-dir HOME_DIR       home directory of the new account
  -D, --defaults                print or change default useradd configuration
  -e, --expiredate EXPIRE_DATE  expiration date of the new account
  -f, --inactive INACTIVE       password inactivity period of the new account
  -g, --gid GROUP               name or ID of the primary group of the new
                                account
  -G, --groups GROUPS           list of supplementary groups of the new
                                account
  -h, --help                    display this help message and exit
  -k, --skel SKEL_DIR           use this alternative skeleton directory
  -K, --key KEY=VALUE           override /etc/login.defs defaults
  -l, --no-log-init             do not add the user to the lastlog and
                                faillog databases
  -m, --create-home             create the user's home directory
  -M, --no-create-home          do not create the user's home directory
  -N, --no-user-group           do not create a group with the same name as
                                the user
  -o, --non-unique              allow to create users with duplicate
                                (non-unique) UID
  -p, --password PASSWORD       encrypted password of the new account
  -r, --system                  create a system account
  -R, --root CHROOT_DIR         directory to chroot into
  -s, --shell SHELL             login shell of the new account
  -u, --uid UID                 user ID of the new account
  -U, --user-group              create a group with the same name as the user
  -Z, --selinux-user SEUSER     use a specific SEUSER for the SELinux user mapping
      --extrausers              Use the extra users database

root@125473e03063:/# useradd -m -d /home/pranali -s /bin/bash pranali
root@125473e03063:/# pwd
/
root@125473e03063:/# cd home
root@125473e03063:/home# ls
pranali
root@125473e03063:/home# passwd pranali
Enter new UNIX password: 
Retype new UNIX password: 
passwd: password updated successfully
root@125473e03063:/home# apt-get update
Get:1 http://security.ubuntu.com/ubuntu bionic-security InRelease [88.7 kB]                              
Get:2 http://archive.ubuntu.com/ubuntu bionic InRelease [242 kB]                                         
Get:3 http://security.ubuntu.com/ubuntu bionic-security/multiverse amd64 Packages [3440 B]
Get:4 http://security.ubuntu.com/ubuntu bionic-security/main amd64 Packages [345 kB]
Get:5 http://archive.ubuntu.com/ubuntu bionic-updates InRelease [88.7 kB]
Get:6 http://archive.ubuntu.com/ubuntu bionic-backports InRelease [74.6 kB]       
Get:7 http://archive.ubuntu.com/ubuntu bionic/multiverse amd64 Packages [186 kB]
Get:8 http://security.ubuntu.com/ubuntu bionic-security/universe amd64 Packages [156 kB]
Get:9 http://archive.ubuntu.com/ubuntu bionic/restricted amd64 Packages [13.5 kB]        
Get:10 http://archive.ubuntu.com/ubuntu bionic/main amd64 Packages [1344 kB]               
Get:11 http://archive.ubuntu.com/ubuntu bionic/universe amd64 Packages [11.3 MB]          
Get:12 http://archive.ubuntu.com/ubuntu bionic-updates/universe amd64 Packages [943 kB]                                                                                                                    
Get:13 http://archive.ubuntu.com/ubuntu bionic-updates/main amd64 Packages [691 kB]                                                                                                                        
Get:14 http://archive.ubuntu.com/ubuntu bionic-updates/multiverse amd64 Packages [6963 B]                                                                                                                  
Get:15 http://archive.ubuntu.com/ubuntu bionic-updates/restricted amd64 Packages [10.8 kB]                                                                                                                 
Get:16 http://archive.ubuntu.com/ubuntu bionic-backports/universe amd64 Packages [3650 B]                                                                                                                  
Fetched 15.5 MB in 10s (1487 kB/s)                                                                                                                                                                         
Reading package lists... Done
root@125473e03063:/home# apt-get install openssh-server
Reading package lists... Done
Building dependency tree       
Reading state information... Done
The following additional packages will be installed:
  ca-certificates dbus dmsetup file gir1.2-glib-2.0 krb5-locales libapparmor1 libargon2-0 libbsd0 libcap2 libcryptsetup12 libdbus-1-3 libdevmapper1.02.1 libedit2 libexpat1 libgirepository-1.0-1
  libglib2.0-0 libglib2.0-data libgssapi-krb5-2 libicu60 libidn11 libip4tc0 libjson-c3 libk5crypto3 libkeyutils1 libkmod2 libkrb5-3 libkrb5support0 libmagic-mgc libmagic1 libmpdec2 libnss-systemd
  libpam-systemd libpsl5 libpython3-stdlib libpython3.6-minimal libpython3.6-stdlib libreadline7 libsqlite3-0 libssl1.0.0 libssl1.1 libsystemd0 libwrap0 libx11-6 libx11-data libxau6 libxcb1 libxdmcp6
  libxext6 libxml2 libxmuu1 mime-support multiarch-support ncurses-term networkd-dispatcher openssh-client openssh-sftp-server openssl publicsuffix python3 python3-certifi python3-chardet python3-dbus
  python3-gi python3-idna python3-minimal python3-pkg-resources python3-requests python3-six python3-urllib3 python3.6 python3.6-minimal readline-common shared-mime-info ssh-import-id systemd
  systemd-sysv ucf wget xauth xdg-user-dirs xz-utils
Suggested packages:
  default-dbus-session-bus | dbus-session-bus krb5-doc krb5-user iw | wireless-tools keychain libpam-ssh monkeysphere ssh-askpass molly-guard rssh ufw python3-doc python3-tk python3-venv python-dbus-doc
  python3-dbus-dbg python3-setuptools python3-cryptography python3-openssl python3-socks python3.6-venv python3.6-doc binutils binfmt-support readline-doc systemd-container policykit-1
The following NEW packages will be installed:
  ca-certificates dbus dmsetup file gir1.2-glib-2.0 krb5-locales libapparmor1 libargon2-0 libbsd0 libcap2 libcryptsetup12 libdbus-1-3 libdevmapper1.02.1 libedit2 libexpat1 libgirepository-1.0-1
  libglib2.0-0 libglib2.0-data libgssapi-krb5-2 libicu60 libidn11 libip4tc0 libjson-c3 libk5crypto3 libkeyutils1 libkmod2 libkrb5-3 libkrb5support0 libmagic-mgc libmagic1 libmpdec2 libnss-systemd
  libpam-systemd libpsl5 libpython3-stdlib libpython3.6-minimal libpython3.6-stdlib libreadline7 libsqlite3-0 libssl1.0.0 libssl1.1 libwrap0 libx11-6 libx11-data libxau6 libxcb1 libxdmcp6 libxext6
  libxml2 libxmuu1 mime-support multiarch-support ncurses-term networkd-dispatcher openssh-client openssh-server openssh-sftp-server openssl publicsuffix python3 python3-certifi python3-chardet
  python3-dbus python3-gi python3-idna python3-minimal python3-pkg-resources python3-requests python3-six python3-urllib3 python3.6 python3.6-minimal readline-common shared-mime-info ssh-import-id
  systemd systemd-sysv ucf wget xauth xdg-user-dirs xz-utils
The following packages will be upgraded:
  libsystemd0
1 upgraded, 82 newly installed, 0 to remove and 2 not upgraded.
Need to get 27.0 MB of archives.
After this operation, 118 MB of additional disk space will be used.
Do you want to continue? [Y/n] Y
Get:1 http://archive.ubuntu.com/ubuntu bionic-updates/main amd64 libsystemd0 amd64 237-3ubuntu10.13 [205 kB]
Get:2 http://archive.ubuntu.com/ubuntu bionic-updates/main amd64 libssl1.1 amd64 1.1.0g-2ubuntu4.3 [1130 kB]
Get:3 http://archive.ubuntu.com/ubuntu bionic-updates/main amd64 libpython3.6-minimal amd64 3.6.7-1~18.04 [531 kB]
Get:4 http://archive.ubuntu.com/ubuntu bionic/main amd64 libexpat1 amd64 2.2.5-3 [80.2 kB]
Get:5 http://archive.ubuntu.com/ubuntu bionic-updates/main amd64 python3.6-minimal amd64 3.6.7-1~18.04 [1604 kB]
Get:6 http://archive.ubuntu.com/ubuntu bionic-updates/main amd64 python3-minimal amd64 3.6.7-1~18.04 [23.7 kB]
Get:7 http://archive.ubuntu.com/ubuntu bionic/main amd64 mime-support all 3.60ubuntu1 [30.1 kB]
Get:8 http://archive.ubuntu.com/ubuntu bionic/main amd64 libmpdec2 amd64 2.4.2-1ubuntu1 [84.1 kB]
Get:9 http://archive.ubuntu.com/ubuntu bionic/main amd64 readline-common all 7.0-3 [52.9 kB]
Get:10 http://archive.ubuntu.com/ubuntu bionic/main amd64 libreadline7 amd64 7.0-3 [124 kB]
Get:11 http://archive.ubuntu.com/ubuntu bionic/main amd64 libsqlite3-0 amd64 3.22.0-1 [496 kB]
Get:12 http://archive.ubuntu.com/ubuntu bionic-updates/main amd64 libpython3.6-stdlib amd64 3.6.7-1~18.04 [1711 kB]                                                                                        
Get:13 http://archive.ubuntu.com/ubuntu bionic-updates/main amd64 python3.6 amd64 3.6.7-1~18.04 [197 kB]                                                                                                   
Get:14 http://archive.ubuntu.com/ubuntu bionic-updates/main amd64 libpython3-stdlib amd64 3.6.7-1~18.04 [7240 B]                                                                                           
Get:15 http://archive.ubuntu.com/ubuntu bionic-updates/main amd64 python3 amd64 3.6.7-1~18.04 [47.2 kB]                                                                                                    
Get:16 http://archive.ubuntu.com/ubuntu bionic/main amd64 libcap2 amd64 1:2.25-1.2 [13.0 kB]                                                                                                               
Get:17 http://archive.ubuntu.com/ubuntu bionic/main amd64 libargon2-0 amd64 0~20161029-1.1 [19.9 kB]                                                                                                       
Get:18 http://archive.ubuntu.com/ubuntu bionic/main amd64 libdevmapper1.02.1 amd64 2:1.02.145-4.1ubuntu3 [127 kB]                                                                                          
Get:19 http://archive.ubuntu.com/ubuntu bionic/main amd64 libjson-c3 amd64 0.12.1-1.3 [21.4 kB]                                                                                                            
Get:20 http://archive.ubuntu.com/ubuntu bionic-updates/main amd64 libcryptsetup12 amd64 2:2.0.2-1ubuntu1.1 [134 kB]                                                                                        
Get:21 http://archive.ubuntu.com/ubuntu bionic/main amd64 libidn11 amd64 1.33-2.1ubuntu1 [45.7 kB]                                                                                                         
Get:22 http://archive.ubuntu.com/ubuntu bionic/main amd64 libip4tc0 amd64 1.6.1-2ubuntu2 [19.6 kB]                                                                                                         
Get:23 http://archive.ubuntu.com/ubuntu bionic-updates/main amd64 libapparmor1 amd64 2.12-4ubuntu5.1 [31.3 kB]                                                                                             
Get:24 http://archive.ubuntu.com/ubuntu bionic-updates/main amd64 libkmod2 amd64 24-1ubuntu3.2 [40.0 kB]                                                                                                   
Get:25 http://archive.ubuntu.com/ubuntu bionic-updates/main amd64 systemd amd64 237-3ubuntu10.13 [2899 kB]                                                                                                 
Get:26 http://archive.ubuntu.com/ubuntu bionic-updates/main amd64 systemd-sysv amd64 237-3ubuntu10.13 [12.0 kB]                                                                                            
Get:27 http://archive.ubuntu.com/ubuntu bionic/main amd64 multiarch-support amd64 2.27-3ubuntu1 [6916 B]                                                                                                   
Get:28 http://archive.ubuntu.com/ubuntu bionic/main amd64 libxau6 amd64 1:1.0.8-1 [8376 B]                                                                                                                 
Get:29 http://archive.ubuntu.com/ubuntu bionic/main amd64 libbsd0 amd64 0.8.7-1 [41.5 kB]                                                                                                                  
Get:30 http://archive.ubuntu.com/ubuntu bionic/main amd64 libxdmcp6 amd64 1:1.1.2-3 [10.7 kB]                                                                                                              
Get:31 http://archive.ubuntu.com/ubuntu bionic/main amd64 libxcb1 amd64 1.13-1 [45.6 kB]                                                                                                                   
Get:32 http://archive.ubuntu.com/ubuntu bionic-updates/main amd64 libx11-data all 2:1.6.4-3ubuntu0.2 [113 kB]                                                                                              
Get:33 http://archive.ubuntu.com/ubuntu bionic-updates/main amd64 libx11-6 amd64 2:1.6.4-3ubuntu0.2 [569 kB]                                                                                               
Get:34 http://archive.ubuntu.com/ubuntu bionic/main amd64 libxext6 amd64 2:1.3.3-1 [29.4 kB]                                                                                                               
Get:35 http://archive.ubuntu.com/ubuntu bionic-updates/main amd64 openssl amd64 1.1.0g-2ubuntu4.3 [532 kB]                                                                                                 
Get:36 http://archive.ubuntu.com/ubuntu bionic/main amd64 ca-certificates all 20180409 [151 kB]                                                                                                            
Get:37 http://archive.ubuntu.com/ubuntu bionic/main amd64 libdbus-1-3 amd64 1.12.2-1ubuntu1 [175 kB]                                                                                                       
Get:38 http://archive.ubuntu.com/ubuntu bionic/main amd64 dbus amd64 1.12.2-1ubuntu1 [150 kB]                                                                                                              
Get:39 http://archive.ubuntu.com/ubuntu bionic/main amd64 dmsetup amd64 2:1.02.145-4.1ubuntu3 [74.5 kB]                                                                                                    
Get:40 http://archive.ubuntu.com/ubuntu bionic-updates/main amd64 libmagic-mgc amd64 1:5.32-2ubuntu0.1 [184 kB]                                                                                            
Get:41 http://archive.ubuntu.com/ubuntu bionic-updates/main amd64 libmagic1 amd64 1:5.32-2ubuntu0.1 [68.4 kB]                                                                                              
Get:42 http://archive.ubuntu.com/ubuntu bionic-updates/main amd64 file amd64 1:5.32-2ubuntu0.1 [22.1 kB]                                                                                                   
Get:43 http://archive.ubuntu.com/ubuntu bionic-updates/main amd64 libglib2.0-0 amd64 2.56.3-0ubuntu0.18.04.1 [1168 kB]                                                                                     
Get:44 http://archive.ubuntu.com/ubuntu bionic/main amd64 libgirepository-1.0-1 amd64 1.56.1-1 [82.0 kB]                                                                                                   
Get:45 http://archive.ubuntu.com/ubuntu bionic/main amd64 gir1.2-glib-2.0 amd64 1.56.1-1 [131 kB]                                                                                                          
Get:46 http://archive.ubuntu.com/ubuntu bionic-updates/main amd64 libglib2.0-data all 2.56.3-0ubuntu0.18.04.1 [4696 B]                                                                                     
Get:47 http://archive.ubuntu.com/ubuntu bionic/main amd64 libicu60 amd64 60.2-3ubuntu3 [8054 kB]                                                                                                           
Get:48 http://archive.ubuntu.com/ubuntu bionic-updates/main amd64 libnss-systemd amd64 237-3ubuntu10.13 [105 kB]                                                                                           
Get:49 http://archive.ubuntu.com/ubuntu bionic-updates/main amd64 libpam-systemd amd64 237-3ubuntu10.13 [108 kB]                                                                                           
Get:50 http://archive.ubuntu.com/ubuntu bionic-updates/main amd64 libxml2 amd64 2.9.4+dfsg1-6.1ubuntu1.2 [663 kB]                                                                                          
Get:51 http://archive.ubuntu.com/ubuntu bionic/main amd64 python3-dbus amd64 1.2.6-1 [89.9 kB]                                                                                                             
Get:52 http://archive.ubuntu.com/ubuntu bionic/main amd64 python3-gi amd64 3.26.1-2 [153 kB]                                                                                                               
Get:53 http://archive.ubuntu.com/ubuntu bionic-updates/main amd64 networkd-dispatcher all 1.7-0ubuntu3.3 [13.3 kB]                                                                                         
Get:54 http://archive.ubuntu.com/ubuntu bionic/main amd64 shared-mime-info amd64 1.9-2 [426 kB]                                                                                                            
Get:55 http://archive.ubuntu.com/ubuntu bionic/main amd64 ucf all 3.0038 [50.5 kB]                                                                                                                         
Get:56 http://archive.ubuntu.com/ubuntu bionic/main amd64 xdg-user-dirs amd64 0.17-1ubuntu1 [48.0 kB]                                                                                                      
Get:57 http://archive.ubuntu.com/ubuntu bionic/main amd64 xz-utils amd64 5.2.2-1.3 [83.8 kB]                                                                                                               
Get:58 http://archive.ubuntu.com/ubuntu bionic-updates/main amd64 krb5-locales all 1.16-2ubuntu0.1 [13.5 kB]                                                                                               
Get:59 http://archive.ubuntu.com/ubuntu bionic/main amd64 libedit2 amd64 3.1-20170329-1 [76.9 kB]                                                                                                          
Get:60 http://archive.ubuntu.com/ubuntu bionic-updates/main amd64 libkrb5support0 amd64 1.16-2ubuntu0.1 [30.9 kB]                                                                                          
Get:61 http://archive.ubuntu.com/ubuntu bionic-updates/main amd64 libk5crypto3 amd64 1.16-2ubuntu0.1 [85.6 kB]                                                                                             
Get:62 http://archive.ubuntu.com/ubuntu bionic/main amd64 libkeyutils1 amd64 1.5.9-9.2ubuntu2 [8720 B]                                                                                                     
Get:63 http://archive.ubuntu.com/ubuntu bionic-updates/main amd64 libkrb5-3 amd64 1.16-2ubuntu0.1 [279 kB]                                                                                                 
Get:64 http://archive.ubuntu.com/ubuntu bionic-updates/main amd64 libgssapi-krb5-2 amd64 1.16-2ubuntu0.1 [122 kB]                                                                                          
Get:65 http://archive.ubuntu.com/ubuntu bionic/main amd64 libpsl5 amd64 0.19.1-5build1 [41.8 kB]                                                                                                           
Get:66 http://archive.ubuntu.com/ubuntu bionic-updates/main amd64 libssl1.0.0 amd64 1.0.2n-1ubuntu5.3 [1088 kB]                                                                                            
Get:67 http://archive.ubuntu.com/ubuntu bionic/main amd64 libxmuu1 amd64 2:1.1.2-2 [9674 B]                                                                                                                
Get:68 http://archive.ubuntu.com/ubuntu bionic-updates/main amd64 openssh-client amd64 1:7.6p1-4ubuntu0.2 [611 kB]                                                                                         
Get:69 http://archive.ubuntu.com/ubuntu bionic/main amd64 publicsuffix all 20180223.1310-1 [97.6 kB]                                                                                                       
Get:70 http://archive.ubuntu.com/ubuntu bionic-updates/main amd64 wget amd64 1.19.4-1ubuntu2.1 [316 kB]                                                                                                    
Get:71 http://archive.ubuntu.com/ubuntu bionic/main amd64 xauth amd64 1:1.0.10-1 [24.6 kB]                                                                                                                 
Get:72 http://archive.ubuntu.com/ubuntu bionic/main amd64 libwrap0 amd64 7.6.q-27 [46.3 kB]                                                                                                                
Get:73 http://archive.ubuntu.com/ubuntu bionic-updates/main amd64 ncurses-term all 6.1-1ubuntu1.18.04 [248 kB]                                                                                             
Get:74 http://archive.ubuntu.com/ubuntu bionic-updates/main amd64 openssh-sftp-server amd64 1:7.6p1-4ubuntu0.2 [45.5 kB]                                                                                   
Get:75 http://archive.ubuntu.com/ubuntu bionic-updates/main amd64 openssh-server amd64 1:7.6p1-4ubuntu0.2 [332 kB]                                                                                         
Get:76 http://archive.ubuntu.com/ubuntu bionic/main amd64 python3-certifi all 2018.1.18-2 [144 kB]                                                                                                         
Get:77 http://archive.ubuntu.com/ubuntu bionic/main amd64 python3-pkg-resources all 39.0.1-2 [98.8 kB]                                                                                                     
Get:78 http://archive.ubuntu.com/ubuntu bionic/main amd64 python3-chardet all 3.0.4-1 [80.3 kB]                                                                                                            
Get:79 http://archive.ubuntu.com/ubuntu bionic/main amd64 python3-idna all 2.6-1 [32.5 kB]                                                                                                                 
Get:80 http://archive.ubuntu.com/ubuntu bionic/main amd64 python3-six all 1.11.0-2 [11.4 kB]                                                                                                               
Get:81 http://archive.ubuntu.com/ubuntu bionic/main amd64 python3-urllib3 all 1.22-1 [85.2 kB]                                                                                                             
Get:82 http://archive.ubuntu.com/ubuntu bionic-updates/main amd64 python3-requests all 2.18.4-2ubuntu0.1 [58.3 kB]                                                                                         
Get:83 http://archive.ubuntu.com/ubuntu bionic-updates/main amd64 ssh-import-id all 5.7-0ubuntu1.1 [10.9 kB]                                                                                               
Fetched 27.0 MB in 21s (1295 kB/s)                                                                                                                                                                         
debconf: delaying package configuration, since apt-utils is not installed
(Reading database ... 4039 files and directories currently installed.)
Preparing to unpack .../libsystemd0_237-3ubuntu10.13_amd64.deb ...
Unpacking libsystemd0:amd64 (237-3ubuntu10.13) over (237-3ubuntu10.11) ...
Setting up libsystemd0:amd64 (237-3ubuntu10.13) ...
Selecting previously unselected package libssl1.1:amd64.
(Reading database ... 4039 files and directories currently installed.)
Preparing to unpack .../libssl1.1_1.1.0g-2ubuntu4.3_amd64.deb ...
Unpacking libssl1.1:amd64 (1.1.0g-2ubuntu4.3) ...
Selecting previously unselected package libpython3.6-minimal:amd64.
Preparing to unpack .../libpython3.6-minimal_3.6.7-1~18.04_amd64.deb ...
Unpacking libpython3.6-minimal:amd64 (3.6.7-1~18.04) ...
Selecting previously unselected package libexpat1:amd64.
Preparing to unpack .../libexpat1_2.2.5-3_amd64.deb ...
Unpacking libexpat1:amd64 (2.2.5-3) ...
Selecting previously unselected package python3.6-minimal.
Preparing to unpack .../python3.6-minimal_3.6.7-1~18.04_amd64.deb ...
Unpacking python3.6-minimal (3.6.7-1~18.04) ...
Setting up libssl1.1:amd64 (1.1.0g-2ubuntu4.3) ...
debconf: unable to initialize frontend: Dialog
debconf: (No usable dialog-like program is installed, so the dialog based frontend cannot be used. at /usr/share/perl5/Debconf/FrontEnd/Dialog.pm line 76.)
debconf: falling back to frontend: Readline
debconf: unable to initialize frontend: Readline
debconf: (Can't locate Term/ReadLine.pm in @INC (you may need to install the Term::ReadLine module) (@INC contains: /etc/perl /usr/local/lib/x86_64-linux-gnu/perl/5.26.1 /usr/local/share/perl/5.26.1 /usr/lib/x86_64-linux-gnu/perl5/5.26 /usr/share/perl5 /usr/lib/x86_64-linux-gnu/perl/5.26 /usr/share/perl/5.26 /usr/local/lib/site_perl /usr/lib/x86_64-linux-gnu/perl-base) at /usr/share/perl5/Debconf/FrontEnd/Readline.pm line 7.)
debconf: falling back to frontend: Teletype
Setting up libpython3.6-minimal:amd64 (3.6.7-1~18.04) ...
Setting up libexpat1:amd64 (2.2.5-3) ...
Setting up python3.6-minimal (3.6.7-1~18.04) ...
Selecting previously unselected package python3-minimal.
(Reading database ... 4295 files and directories currently installed.)
Preparing to unpack .../0-python3-minimal_3.6.7-1~18.04_amd64.deb ...
Unpacking python3-minimal (3.6.7-1~18.04) ...
Selecting previously unselected package mime-support.
Preparing to unpack .../1-mime-support_3.60ubuntu1_all.deb ...
Unpacking mime-support (3.60ubuntu1) ...
Selecting previously unselected package libmpdec2:amd64.
Preparing to unpack .../2-libmpdec2_2.4.2-1ubuntu1_amd64.deb ...
Unpacking libmpdec2:amd64 (2.4.2-1ubuntu1) ...
Selecting previously unselected package readline-common.
Preparing to unpack .../3-readline-common_7.0-3_all.deb ...
Unpacking readline-common (7.0-3) ...
Selecting previously unselected package libreadline7:amd64.
Preparing to unpack .../4-libreadline7_7.0-3_amd64.deb ...
Unpacking libreadline7:amd64 (7.0-3) ...
Selecting previously unselected package libsqlite3-0:amd64.
Preparing to unpack .../5-libsqlite3-0_3.22.0-1_amd64.deb ...
Unpacking libsqlite3-0:amd64 (3.22.0-1) ...
Selecting previously unselected package libpython3.6-stdlib:amd64.
Preparing to unpack .../6-libpython3.6-stdlib_3.6.7-1~18.04_amd64.deb ...
Unpacking libpython3.6-stdlib:amd64 (3.6.7-1~18.04) ...
Selecting previously unselected package python3.6.
Preparing to unpack .../7-python3.6_3.6.7-1~18.04_amd64.deb ...
Unpacking python3.6 (3.6.7-1~18.04) ...
Selecting previously unselected package libpython3-stdlib:amd64.
Preparing to unpack .../8-libpython3-stdlib_3.6.7-1~18.04_amd64.deb ...
Unpacking libpython3-stdlib:amd64 (3.6.7-1~18.04) ...
Setting up python3-minimal (3.6.7-1~18.04) ...
Selecting previously unselected package python3.
(Reading database ... 4753 files and directories currently installed.)
Preparing to unpack .../0-python3_3.6.7-1~18.04_amd64.deb ...
Unpacking python3 (3.6.7-1~18.04) ...
Selecting previously unselected package libcap2:amd64.
Preparing to unpack .../1-libcap2_1%3a2.25-1.2_amd64.deb ...
Unpacking libcap2:amd64 (1:2.25-1.2) ...
Selecting previously unselected package libargon2-0:amd64.
Preparing to unpack .../2-libargon2-0_0~20161029-1.1_amd64.deb ...
Unpacking libargon2-0:amd64 (0~20161029-1.1) ...
Selecting previously unselected package libdevmapper1.02.1:amd64.
Preparing to unpack .../3-libdevmapper1.02.1_2%3a1.02.145-4.1ubuntu3_amd64.deb ...
Unpacking libdevmapper1.02.1:amd64 (2:1.02.145-4.1ubuntu3) ...
Selecting previously unselected package libjson-c3:amd64.
Preparing to unpack .../4-libjson-c3_0.12.1-1.3_amd64.deb ...
Unpacking libjson-c3:amd64 (0.12.1-1.3) ...
Selecting previously unselected package libcryptsetup12:amd64.
Preparing to unpack .../5-libcryptsetup12_2%3a2.0.2-1ubuntu1.1_amd64.deb ...
Unpacking libcryptsetup12:amd64 (2:2.0.2-1ubuntu1.1) ...
Selecting previously unselected package libidn11:amd64.
Preparing to unpack .../6-libidn11_1.33-2.1ubuntu1_amd64.deb ...
Unpacking libidn11:amd64 (1.33-2.1ubuntu1) ...
Selecting previously unselected package libip4tc0:amd64.
Preparing to unpack .../7-libip4tc0_1.6.1-2ubuntu2_amd64.deb ...
Unpacking libip4tc0:amd64 (1.6.1-2ubuntu2) ...
Selecting previously unselected package libapparmor1:amd64.
Preparing to unpack .../8-libapparmor1_2.12-4ubuntu5.1_amd64.deb ...
Unpacking libapparmor1:amd64 (2.12-4ubuntu5.1) ...
Selecting previously unselected package libkmod2:amd64.
Preparing to unpack .../9-libkmod2_24-1ubuntu3.2_amd64.deb ...
Unpacking libkmod2:amd64 (24-1ubuntu3.2) ...
Setting up libcap2:amd64 (1:2.25-1.2) ...
Setting up libargon2-0:amd64 (0~20161029-1.1) ...
Setting up libdevmapper1.02.1:amd64 (2:1.02.145-4.1ubuntu3) ...
Setting up libjson-c3:amd64 (0.12.1-1.3) ...
Setting up libcryptsetup12:amd64 (2:2.0.2-1ubuntu1.1) ...
Setting up libidn11:amd64 (1.33-2.1ubuntu1) ...
Setting up libip4tc0:amd64 (1.6.1-2ubuntu2) ...
Selecting previously unselected package systemd.
(Reading database ... 4834 files and directories currently installed.)
Preparing to unpack .../systemd_237-3ubuntu10.13_amd64.deb ...
Unpacking systemd (237-3ubuntu10.13) ...
Setting up libapparmor1:amd64 (2.12-4ubuntu5.1) ...
Setting up libkmod2:amd64 (24-1ubuntu3.2) ...
Setting up systemd (237-3ubuntu10.13) ...
Created symlink /etc/systemd/system/getty.target.wants/getty@tty1.service → /lib/systemd/system/getty@.service.
Created symlink /etc/systemd/system/multi-user.target.wants/remote-fs.target → /lib/systemd/system/remote-fs.target.
Created symlink /etc/systemd/system/sysinit.target.wants/systemd-timesyncd.service → /lib/systemd/system/systemd-timesyncd.service.
Created symlink /etc/systemd/system/dbus-org.freedesktop.resolve1.service → /lib/systemd/system/systemd-resolved.service.
Created symlink /etc/systemd/system/multi-user.target.wants/systemd-resolved.service → /lib/systemd/system/systemd-resolved.service.
ln: failed to create symbolic link '/etc/resolv.conf': Device or resource busy
Created symlink /etc/systemd/system/multi-user.target.wants/ondemand.service → /lib/systemd/system/ondemand.service.
Initializing machine ID from random generator.
Selecting previously unselected package systemd-sysv.
(Reading database ... 5544 files and directories currently installed.)
Preparing to unpack .../systemd-sysv_237-3ubuntu10.13_amd64.deb ...
Unpacking systemd-sysv (237-3ubuntu10.13) ...
Selecting previously unselected package multiarch-support.
Preparing to unpack .../multiarch-support_2.27-3ubuntu1_amd64.deb ...
Unpacking multiarch-support (2.27-3ubuntu1) ...
Setting up multiarch-support (2.27-3ubuntu1) ...
Selecting previously unselected package libxau6:amd64.
(Reading database ... 5564 files and directories currently installed.)
Preparing to unpack .../00-libxau6_1%3a1.0.8-1_amd64.deb ...
Unpacking libxau6:amd64 (1:1.0.8-1) ...
Selecting previously unselected package libbsd0:amd64.
Preparing to unpack .../01-libbsd0_0.8.7-1_amd64.deb ...
Unpacking libbsd0:amd64 (0.8.7-1) ...
Selecting previously unselected package libxdmcp6:amd64.
Preparing to unpack .../02-libxdmcp6_1%3a1.1.2-3_amd64.deb ...
Unpacking libxdmcp6:amd64 (1:1.1.2-3) ...
Selecting previously unselected package libxcb1:amd64.
Preparing to unpack .../03-libxcb1_1.13-1_amd64.deb ...
Unpacking libxcb1:amd64 (1.13-1) ...
Selecting previously unselected package libx11-data.
Preparing to unpack .../04-libx11-data_2%3a1.6.4-3ubuntu0.2_all.deb ...
Unpacking libx11-data (2:1.6.4-3ubuntu0.2) ...
Selecting previously unselected package libx11-6:amd64.
Preparing to unpack .../05-libx11-6_2%3a1.6.4-3ubuntu0.2_amd64.deb ...
Unpacking libx11-6:amd64 (2:1.6.4-3ubuntu0.2) ...
Selecting previously unselected package libxext6:amd64.
Preparing to unpack .../06-libxext6_2%3a1.3.3-1_amd64.deb ...
Unpacking libxext6:amd64 (2:1.3.3-1) ...
Selecting previously unselected package openssl.
Preparing to unpack .../07-openssl_1.1.0g-2ubuntu4.3_amd64.deb ...
Unpacking openssl (1.1.0g-2ubuntu4.3) ...
Selecting previously unselected package ca-certificates.
Preparing to unpack .../08-ca-certificates_20180409_all.deb ...
Unpacking ca-certificates (20180409) ...
Selecting previously unselected package libdbus-1-3:amd64.
Preparing to unpack .../09-libdbus-1-3_1.12.2-1ubuntu1_amd64.deb ...
Unpacking libdbus-1-3:amd64 (1.12.2-1ubuntu1) ...
Selecting previously unselected package dbus.
Preparing to unpack .../10-dbus_1.12.2-1ubuntu1_amd64.deb ...
Unpacking dbus (1.12.2-1ubuntu1) ...
Selecting previously unselected package dmsetup.
Preparing to unpack .../11-dmsetup_2%3a1.02.145-4.1ubuntu3_amd64.deb ...
Unpacking dmsetup (2:1.02.145-4.1ubuntu3) ...
Selecting previously unselected package libmagic-mgc.
Preparing to unpack .../12-libmagic-mgc_1%3a5.32-2ubuntu0.1_amd64.deb ...
Unpacking libmagic-mgc (1:5.32-2ubuntu0.1) ...
Selecting previously unselected package libmagic1:amd64.
Preparing to unpack .../13-libmagic1_1%3a5.32-2ubuntu0.1_amd64.deb ...
Unpacking libmagic1:amd64 (1:5.32-2ubuntu0.1) ...
Selecting previously unselected package file.
Preparing to unpack .../14-file_1%3a5.32-2ubuntu0.1_amd64.deb ...
Unpacking file (1:5.32-2ubuntu0.1) ...
Selecting previously unselected package libglib2.0-0:amd64.
Preparing to unpack .../15-libglib2.0-0_2.56.3-0ubuntu0.18.04.1_amd64.deb ...
Unpacking libglib2.0-0:amd64 (2.56.3-0ubuntu0.18.04.1) ...
Selecting previously unselected package libgirepository-1.0-1:amd64.
Preparing to unpack .../16-libgirepository-1.0-1_1.56.1-1_amd64.deb ...
Unpacking libgirepository-1.0-1:amd64 (1.56.1-1) ...
Selecting previously unselected package gir1.2-glib-2.0:amd64.
Preparing to unpack .../17-gir1.2-glib-2.0_1.56.1-1_amd64.deb ...
Unpacking gir1.2-glib-2.0:amd64 (1.56.1-1) ...
Selecting previously unselected package libglib2.0-data.
Preparing to unpack .../18-libglib2.0-data_2.56.3-0ubuntu0.18.04.1_all.deb ...
Unpacking libglib2.0-data (2.56.3-0ubuntu0.18.04.1) ...
Selecting previously unselected package libicu60:amd64.
Preparing to unpack .../19-libicu60_60.2-3ubuntu3_amd64.deb ...
Unpacking libicu60:amd64 (60.2-3ubuntu3) ...
Selecting previously unselected package libnss-systemd:amd64.
Preparing to unpack .../20-libnss-systemd_237-3ubuntu10.13_amd64.deb ...
Unpacking libnss-systemd:amd64 (237-3ubuntu10.13) ...
Selecting previously unselected package libpam-systemd:amd64.
Preparing to unpack .../21-libpam-systemd_237-3ubuntu10.13_amd64.deb ...
Unpacking libpam-systemd:amd64 (237-3ubuntu10.13) ...
Selecting previously unselected package libxml2:amd64.
Preparing to unpack .../22-libxml2_2.9.4+dfsg1-6.1ubuntu1.2_amd64.deb ...
Unpacking libxml2:amd64 (2.9.4+dfsg1-6.1ubuntu1.2) ...
Selecting previously unselected package python3-dbus.
Preparing to unpack .../23-python3-dbus_1.2.6-1_amd64.deb ...
Unpacking python3-dbus (1.2.6-1) ...
Selecting previously unselected package python3-gi.
Preparing to unpack .../24-python3-gi_3.26.1-2_amd64.deb ...
Unpacking python3-gi (3.26.1-2) ...
Selecting previously unselected package networkd-dispatcher.
Preparing to unpack .../25-networkd-dispatcher_1.7-0ubuntu3.3_all.deb ...
Unpacking networkd-dispatcher (1.7-0ubuntu3.3) ...
Selecting previously unselected package shared-mime-info.
Preparing to unpack .../26-shared-mime-info_1.9-2_amd64.deb ...
Unpacking shared-mime-info (1.9-2) ...
Selecting previously unselected package ucf.
Preparing to unpack .../27-ucf_3.0038_all.deb ...
Moving old data out of the way
Unpacking ucf (3.0038) ...
Selecting previously unselected package xdg-user-dirs.
Preparing to unpack .../28-xdg-user-dirs_0.17-1ubuntu1_amd64.deb ...
Unpacking xdg-user-dirs (0.17-1ubuntu1) ...
Selecting previously unselected package xz-utils.
Preparing to unpack .../29-xz-utils_5.2.2-1.3_amd64.deb ...
Unpacking xz-utils (5.2.2-1.3) ...
Selecting previously unselected package krb5-locales.
Preparing to unpack .../30-krb5-locales_1.16-2ubuntu0.1_all.deb ...
Unpacking krb5-locales (1.16-2ubuntu0.1) ...
Selecting previously unselected package libedit2:amd64.
Preparing to unpack .../31-libedit2_3.1-20170329-1_amd64.deb ...
Unpacking libedit2:amd64 (3.1-20170329-1) ...
Selecting previously unselected package libkrb5support0:amd64.
Preparing to unpack .../32-libkrb5support0_1.16-2ubuntu0.1_amd64.deb ...
Unpacking libkrb5support0:amd64 (1.16-2ubuntu0.1) ...
Selecting previously unselected package libk5crypto3:amd64.
Preparing to unpack .../33-libk5crypto3_1.16-2ubuntu0.1_amd64.deb ...
Unpacking libk5crypto3:amd64 (1.16-2ubuntu0.1) ...
Selecting previously unselected package libkeyutils1:amd64.
Preparing to unpack .../34-libkeyutils1_1.5.9-9.2ubuntu2_amd64.deb ...
Unpacking libkeyutils1:amd64 (1.5.9-9.2ubuntu2) ...
Selecting previously unselected package libkrb5-3:amd64.
Preparing to unpack .../35-libkrb5-3_1.16-2ubuntu0.1_amd64.deb ...
Unpacking libkrb5-3:amd64 (1.16-2ubuntu0.1) ...
Selecting previously unselected package libgssapi-krb5-2:amd64.
Preparing to unpack .../36-libgssapi-krb5-2_1.16-2ubuntu0.1_amd64.deb ...
Unpacking libgssapi-krb5-2:amd64 (1.16-2ubuntu0.1) ...
Selecting previously unselected package libpsl5:amd64.
Preparing to unpack .../37-libpsl5_0.19.1-5build1_amd64.deb ...
Unpacking libpsl5:amd64 (0.19.1-5build1) ...
Selecting previously unselected package libssl1.0.0:amd64.
Preparing to unpack .../38-libssl1.0.0_1.0.2n-1ubuntu5.3_amd64.deb ...
Unpacking libssl1.0.0:amd64 (1.0.2n-1ubuntu5.3) ...
Selecting previously unselected package libxmuu1:amd64.
Preparing to unpack .../39-libxmuu1_2%3a1.1.2-2_amd64.deb ...
Unpacking libxmuu1:amd64 (2:1.1.2-2) ...
Selecting previously unselected package openssh-client.
Preparing to unpack .../40-openssh-client_1%3a7.6p1-4ubuntu0.2_amd64.deb ...
Unpacking openssh-client (1:7.6p1-4ubuntu0.2) ...
Selecting previously unselected package publicsuffix.
Preparing to unpack .../41-publicsuffix_20180223.1310-1_all.deb ...
Unpacking publicsuffix (20180223.1310-1) ...
Selecting previously unselected package wget.
Preparing to unpack .../42-wget_1.19.4-1ubuntu2.1_amd64.deb ...
Unpacking wget (1.19.4-1ubuntu2.1) ...
Selecting previously unselected package xauth.
Preparing to unpack .../43-xauth_1%3a1.0.10-1_amd64.deb ...
Unpacking xauth (1:1.0.10-1) ...
Selecting previously unselected package libwrap0:amd64.
Preparing to unpack .../44-libwrap0_7.6.q-27_amd64.deb ...
Unpacking libwrap0:amd64 (7.6.q-27) ...
Selecting previously unselected package ncurses-term.
Preparing to unpack .../45-ncurses-term_6.1-1ubuntu1.18.04_all.deb ...
Unpacking ncurses-term (6.1-1ubuntu1.18.04) ...
Selecting previously unselected package openssh-sftp-server.
Preparing to unpack .../46-openssh-sftp-server_1%3a7.6p1-4ubuntu0.2_amd64.deb ...
Unpacking openssh-sftp-server (1:7.6p1-4ubuntu0.2) ...
Selecting previously unselected package openssh-server.
Preparing to unpack .../47-openssh-server_1%3a7.6p1-4ubuntu0.2_amd64.deb ...
Unpacking openssh-server (1:7.6p1-4ubuntu0.2) ...
Selecting previously unselected package python3-certifi.
Preparing to unpack .../48-python3-certifi_2018.1.18-2_all.deb ...
Unpacking python3-certifi (2018.1.18-2) ...
Selecting previously unselected package python3-pkg-resources.
Preparing to unpack .../49-python3-pkg-resources_39.0.1-2_all.deb ...
Unpacking python3-pkg-resources (39.0.1-2) ...
Selecting previously unselected package python3-chardet.
Preparing to unpack .../50-python3-chardet_3.0.4-1_all.deb ...
Unpacking python3-chardet (3.0.4-1) ...
Selecting previously unselected package python3-idna.
Preparing to unpack .../51-python3-idna_2.6-1_all.deb ...
Unpacking python3-idna (2.6-1) ...
Selecting previously unselected package python3-six.
Preparing to unpack .../52-python3-six_1.11.0-2_all.deb ...
Unpacking python3-six (1.11.0-2) ...
Selecting previously unselected package python3-urllib3.
Preparing to unpack .../53-python3-urllib3_1.22-1_all.deb ...
Unpacking python3-urllib3 (1.22-1) ...
Selecting previously unselected package python3-requests.
Preparing to unpack .../54-python3-requests_2.18.4-2ubuntu0.1_all.deb ...
Unpacking python3-requests (2.18.4-2ubuntu0.1) ...
Selecting previously unselected package ssh-import-id.
Preparing to unpack .../55-ssh-import-id_5.7-0ubuntu1.1_all.deb ...
Unpacking ssh-import-id (5.7-0ubuntu1.1) ...
Setting up libedit2:amd64 (3.1-20170329-1) ...
Setting up readline-common (7.0-3) ...
Setting up ncurses-term (6.1-1ubuntu1.18.04) ...
Setting up libnss-systemd:amd64 (237-3ubuntu10.13) ...
First installation detected...
Checking NSS setup...
Setting up libicu60:amd64 (60.2-3ubuntu3) ...
Setting up libssl1.0.0:amd64 (1.0.2n-1ubuntu5.3) ...
debconf: unable to initialize frontend: Dialog
debconf: (No usable dialog-like program is installed, so the dialog based frontend cannot be used. at /usr/share/perl5/Debconf/FrontEnd/Dialog.pm line 76.)
debconf: falling back to frontend: Readline
debconf: unable to initialize frontend: Readline
debconf: (Can't locate Term/ReadLine.pm in @INC (you may need to install the Term::ReadLine module) (@INC contains: /etc/perl /usr/local/lib/x86_64-linux-gnu/perl/5.26.1 /usr/local/share/perl/5.26.1 /usr/lib/x86_64-linux-gnu/perl5/5.26 /usr/share/perl5 /usr/lib/x86_64-linux-gnu/perl/5.26 /usr/share/perl/5.26 /usr/local/lib/site_perl /usr/lib/x86_64-linux-gnu/perl-base) at /usr/share/perl5/Debconf/FrontEnd/Readline.pm line 7.)
debconf: falling back to frontend: Teletype
Setting up mime-support (3.60ubuntu1) ...
Setting up libreadline7:amd64 (7.0-3) ...
Setting up libpsl5:amd64 (0.19.1-5build1) ...
Setting up systemd-sysv (237-3ubuntu10.13) ...
Setting up libglib2.0-0:amd64 (2.56.3-0ubuntu0.18.04.1) ...
No schema files found: doing nothing.
Setting up libbsd0:amd64 (0.8.7-1) ...
Setting up libkrb5support0:amd64 (1.16-2ubuntu0.1) ...
Setting up ucf (3.0038) ...
debconf: unable to initialize frontend: Dialog
debconf: (No usable dialog-like program is installed, so the dialog based frontend cannot be used. at /usr/share/perl5/Debconf/FrontEnd/Dialog.pm line 76.)
debconf: falling back to frontend: Readline
debconf: unable to initialize frontend: Readline
debconf: (Can't locate Term/ReadLine.pm in @INC (you may need to install the Term::ReadLine module) (@INC contains: /etc/perl /usr/local/lib/x86_64-linux-gnu/perl/5.26.1 /usr/local/share/perl/5.26.1 /usr/lib/x86_64-linux-gnu/perl5/5.26 /usr/share/perl5 /usr/lib/x86_64-linux-gnu/perl/5.26 /usr/share/perl/5.26 /usr/local/lib/site_perl /usr/lib/x86_64-linux-gnu/perl-base) at /usr/share/perl5/Debconf/FrontEnd/Readline.pm line 7.)
debconf: falling back to frontend: Teletype
Setting up libgirepository-1.0-1:amd64 (1.56.1-1) ...
Setting up libxml2:amd64 (2.9.4+dfsg1-6.1ubuntu1.2) ...
Setting up libmagic-mgc (1:5.32-2ubuntu0.1) ...
Setting up libmagic1:amd64 (1:5.32-2ubuntu0.1) ...
Setting up gir1.2-glib-2.0:amd64 (1.56.1-1) ...
Setting up libglib2.0-data (2.56.3-0ubuntu0.18.04.1) ...
Setting up krb5-locales (1.16-2ubuntu0.1) ...
Processing triggers for libc-bin (2.27-3ubuntu1) ...
Setting up publicsuffix (20180223.1310-1) ...
Setting up xz-utils (5.2.2-1.3) ...
update-alternatives: using /usr/bin/xz to provide /usr/bin/lzma (lzma) in auto mode
update-alternatives: warning: skip creation of /usr/share/man/man1/lzma.1.gz because associated file /usr/share/man/man1/xz.1.gz (of link group lzma) doesn't exist
update-alternatives: warning: skip creation of /usr/share/man/man1/unlzma.1.gz because associated file /usr/share/man/man1/unxz.1.gz (of link group lzma) doesn't exist
update-alternatives: warning: skip creation of /usr/share/man/man1/lzcat.1.gz because associated file /usr/share/man/man1/xzcat.1.gz (of link group lzma) doesn't exist
update-alternatives: warning: skip creation of /usr/share/man/man1/lzmore.1.gz because associated file /usr/share/man/man1/xzmore.1.gz (of link group lzma) doesn't exist
update-alternatives: warning: skip creation of /usr/share/man/man1/lzless.1.gz because associated file /usr/share/man/man1/xzless.1.gz (of link group lzma) doesn't exist
update-alternatives: warning: skip creation of /usr/share/man/man1/lzdiff.1.gz because associated file /usr/share/man/man1/xzdiff.1.gz (of link group lzma) doesn't exist
update-alternatives: warning: skip creation of /usr/share/man/man1/lzcmp.1.gz because associated file /usr/share/man/man1/xzcmp.1.gz (of link group lzma) doesn't exist
update-alternatives: warning: skip creation of /usr/share/man/man1/lzgrep.1.gz because associated file /usr/share/man/man1/xzgrep.1.gz (of link group lzma) doesn't exist
update-alternatives: warning: skip creation of /usr/share/man/man1/lzegrep.1.gz because associated file /usr/share/man/man1/xzegrep.1.gz (of link group lzma) doesn't exist
update-alternatives: warning: skip creation of /usr/share/man/man1/lzfgrep.1.gz because associated file /usr/share/man/man1/xzfgrep.1.gz (of link group lzma) doesn't exist
Processing triggers for systemd (237-3ubuntu10.13) ...
Setting up openssl (1.1.0g-2ubuntu4.3) ...
Setting up wget (1.19.4-1ubuntu2.1) ...
Setting up libsqlite3-0:amd64 (3.22.0-1) ...
Setting up dmsetup (2:1.02.145-4.1ubuntu3) ...
Setting up shared-mime-info (1.9-2) ...
Setting up libxdmcp6:amd64 (1:1.1.2-3) ...
Setting up libkeyutils1:amd64 (1.5.9-9.2ubuntu2) ...
Setting up ca-certificates (20180409) ...
debconf: unable to initialize frontend: Dialog
debconf: (No usable dialog-like program is installed, so the dialog based frontend cannot be used. at /usr/share/perl5/Debconf/FrontEnd/Dialog.pm line 76.)
debconf: falling back to frontend: Readline
debconf: unable to initialize frontend: Readline
debconf: (Can't locate Term/ReadLine.pm in @INC (you may need to install the Term::ReadLine module) (@INC contains: /etc/perl /usr/local/lib/x86_64-linux-gnu/perl/5.26.1 /usr/local/share/perl/5.26.1 /usr/lib/x86_64-linux-gnu/perl5/5.26 /usr/share/perl5 /usr/lib/x86_64-linux-gnu/perl/5.26 /usr/share/perl/5.26 /usr/local/lib/site_perl /usr/lib/x86_64-linux-gnu/perl-base) at /usr/share/perl5/Debconf/FrontEnd/Readline.pm line 7.)
debconf: falling back to frontend: Teletype
Updating certificates in /etc/ssl/certs...
133 added, 0 removed; done.
Setting up xdg-user-dirs (0.17-1ubuntu1) ...
Setting up libx11-data (2:1.6.4-3ubuntu0.2) ...
Setting up libxau6:amd64 (1:1.0.8-1) ...
Setting up libmpdec2:amd64 (2.4.2-1ubuntu1) ...
Setting up libdbus-1-3:amd64 (1.12.2-1ubuntu1) ...
Setting up libwrap0:amd64 (7.6.q-27) ...
Setting up libpython3.6-stdlib:amd64 (3.6.7-1~18.04) ...
Setting up libk5crypto3:amd64 (1.16-2ubuntu0.1) ...
Setting up python3.6 (3.6.7-1~18.04) ...
Setting up file (1:5.32-2ubuntu0.1) ...
Setting up libkrb5-3:amd64 (1.16-2ubuntu0.1) ...
Setting up dbus (1.12.2-1ubuntu1) ...
Setting up libxcb1:amd64 (1.13-1) ...
Setting up libpython3-stdlib:amd64 (3.6.7-1~18.04) ...
Setting up libpam-systemd:amd64 (237-3ubuntu10.13) ...
debconf: unable to initialize frontend: Dialog
debconf: (No usable dialog-like program is installed, so the dialog based frontend cannot be used. at /usr/share/perl5/Debconf/FrontEnd/Dialog.pm line 76.)
debconf: falling back to frontend: Readline
debconf: unable to initialize frontend: Readline
debconf: (Can't locate Term/ReadLine.pm in @INC (you may need to install the Term::ReadLine module) (@INC contains: /etc/perl /usr/local/lib/x86_64-linux-gnu/perl/5.26.1 /usr/local/share/perl/5.26.1 /usr/lib/x86_64-linux-gnu/perl5/5.26 /usr/share/perl5 /usr/lib/x86_64-linux-gnu/perl/5.26 /usr/share/perl/5.26 /usr/local/lib/site_perl /usr/lib/x86_64-linux-gnu/perl-base) at /usr/share/perl5/Debconf/FrontEnd/Readline.pm line 7.)
debconf: falling back to frontend: Teletype
Setting up python3 (3.6.7-1~18.04) ...
running python rtupdate hooks for python3.6...
running python post-rtupdate hooks for python3.6...
Setting up python3-idna (2.6-1) ...
Setting up python3-six (1.11.0-2) ...
Setting up libx11-6:amd64 (2:1.6.4-3ubuntu0.2) ...
Setting up python3-certifi (2018.1.18-2) ...
Setting up python3-pkg-resources (39.0.1-2) ...
Setting up python3-gi (3.26.1-2) ...
Setting up libxmuu1:amd64 (2:1.1.2-2) ...
Setting up libgssapi-krb5-2:amd64 (1.16-2ubuntu0.1) ...
Setting up python3-chardet (3.0.4-1) ...
Setting up python3-urllib3 (1.22-1) ...
Setting up openssh-client (1:7.6p1-4ubuntu0.2) ...
Setting up python3-dbus (1.2.6-1) ...
Setting up libxext6:amd64 (2:1.3.3-1) ...
Setting up xauth (1:1.0.10-1) ...
Setting up openssh-sftp-server (1:7.6p1-4ubuntu0.2) ...
Setting up python3-requests (2.18.4-2ubuntu0.1) ...
Setting up ssh-import-id (5.7-0ubuntu1.1) ...
Setting up networkd-dispatcher (1.7-0ubuntu3.3) ...
Created symlink /etc/systemd/system/multi-user.target.wants/networkd-dispatcher.service → /lib/systemd/system/networkd-dispatcher.service.
Setting up openssh-server (1:7.6p1-4ubuntu0.2) ...
debconf: unable to initialize frontend: Dialog
debconf: (No usable dialog-like program is installed, so the dialog based frontend cannot be used. at /usr/share/perl5/Debconf/FrontEnd/Dialog.pm line 76.)
debconf: falling back to frontend: Readline
debconf: unable to initialize frontend: Readline
debconf: (Can't locate Term/ReadLine.pm in @INC (you may need to install the Term::ReadLine module) (@INC contains: /etc/perl /usr/local/lib/x86_64-linux-gnu/perl/5.26.1 /usr/local/share/perl/5.26.1 /usr/lib/x86_64-linux-gnu/perl5/5.26 /usr/share/perl5 /usr/lib/x86_64-linux-gnu/perl/5.26 /usr/share/perl/5.26 /usr/local/lib/site_perl /usr/lib/x86_64-linux-gnu/perl-base) at /usr/share/perl5/Debconf/FrontEnd/Readline.pm line 7.)
debconf: falling back to frontend: Teletype

Creating config file /etc/ssh/sshd_config with new version
Creating SSH2 RSA key; this may take some time ...
2048 SHA256:0+vLrsq/OdimsfDdk9uEUpwfCHzFCmKlXb7NkY5YECM root@125473e03063 (RSA)
Creating SSH2 ECDSA key; this may take some time ...
256 SHA256:NCyqqyHni2bZ12Gtq4/YPces2fsBc0JKIMDog6lK+3g root@125473e03063 (ECDSA)
Creating SSH2 ED25519 key; this may take some time ...
256 SHA256:VVmGoeHKI2K1tD3bI7lr+0XdRX0ljs49r+XNzUjEV5M root@125473e03063 (ED25519)
Created symlink /etc/systemd/system/sshd.service → /lib/systemd/system/ssh.service.
Created symlink /etc/systemd/system/multi-user.target.wants/ssh.service → /lib/systemd/system/ssh.service.
invoke-rc.d: could not determine current runlevel
invoke-rc.d: policy-rc.d denied execution of start.
Processing triggers for libc-bin (2.27-3ubuntu1) ...
Processing triggers for ca-certificates (20180409) ...
Updating certificates in /etc/ssl/certs...
0 added, 0 removed; done.
Running hooks in /etc/ca-certificates/update.d...
done.
Processing triggers for systemd (237-3ubuntu10.13) ...
root@125473e03063:/home# service ssh start
 * Starting OpenBSD Secure Shell server sshd                                                                                                                                                         [ OK ] 
root@125473e03063:/home# hostname -i
172.17.0.6
root@125473e03063:/home# cd ../
root@125473e03063:/# chmod  777 -R home
root@125473e03063:/# ls
bin  boot  dev  etc  home  lib  lib64  media  mnt  opt  proc  root  run  sbin  srv  sys  tmp  usr  var
root@125473e03063:/# cd home/pranali/
root@125473e03063:/home/pranali# ls
root@125473e03063:/home/pranali# mkdir Distros
root@125473e03063:/home/pranali# ls
Distros
root@125473e03063:/home/pranali# chmod 777 Distros/
root@125473e03063:/home/pranali# ls
Distros
root@125473e03063:/home/pranali# cd ../../..
root@125473e03063:/# ll
total 116
drwxr-xr-x.   1 root root 4096 Mar  1 06:05 ./
drwxr-xr-x.   1 root root 4096 Mar  1 06:05 ../
-rwxr-xr-x.   1 root root    0 Mar  1 06:05 .dockerenv*
drwxr-xr-x.   1 root root 4096 Mar  1 06:09 bin/
drwxr-xr-x.   2 root root 4096 Apr 24  2018 boot/
drwxr-xr-x.   5 root root  360 Mar  1 06:05 dev/
drwxr-xr-x.   1 root root 4096 Mar  1 06:09 etc/
drwxrwxrwx.   1 root root 4096 Mar  1 06:06 home/
drwxr-xr-x.   1 root root 4096 Mar  1 06:09 lib/
drwxr-xr-x.   2 root root 4096 Feb  4 21:03 lib64/
drwxr-xr-x.   2 root root 4096 Feb  4 21:02 media/
drwxr-xr-x.   2 root root 4096 Feb  4 21:02 mnt/
drwxr-xr-x.   2 root root 4096 Feb  4 21:02 opt/
dr-xr-xr-x. 299 root root    0 Mar  1 06:05 proc/
drwx------.   2 root root 4096 Feb  4 21:04 root/
drwxr-xr-x.   1 root root 4096 Mar  1 06:09 run/
drwxr-xr-x.   1 root root 4096 Mar  1 06:09 sbin/
drwxr-xr-x.   2 root root 4096 Feb  4 21:02 srv/
dr-xr-xr-x.  13 root root    0 Feb 27 16:15 sys/
drwxrwxrwt.   1 root root 4096 Mar  1 06:09 tmp/
drwxr-xr-x.   1 root root 4096 Feb  4 21:02 usr/
drwxr-xr-x.   1 root root 4096 Feb  4 21:04 var/
root@125473e03063:/# cd Distros
bash: cd: Distros: No such file or directory
root@125473e03063:/# cd pranali
bash: cd: pranali: No such file or directory
root@125473e03063:/# cd /home
root@125473e03063:/home# cd pranali/
root@125473e03063:/home/pranali# ls
Distros
root@125473e03063:/home/pranali# cd Distros/
root@125473e03063:/home/pranali/Distros# ls
apache-tomcat-8.5.38  jdk-8u201-linux-x64.tar.gz
root@125473e03063:/home/pranali/Distros# tomcat --version
bash: tomcat: command not found
root@125473e03063:/home/pranali/Distros# java --version
bash: java: command not found
root@125473e03063:/home/pranali/Distros# cd
root@125473e03063:~# vim .bashrc
bash: vim: command not found
root@125473e03063:~# apt-get install vim
Reading package lists... Done
Building dependency tree       
Reading state information... Done
The following additional packages will be installed:
  libgpm2 libpython3.6 vim-common vim-runtime xxd
Suggested packages:
  gpm ctags vim-doc vim-scripts
The following NEW packages will be installed:
  libgpm2 libpython3.6 vim vim-common vim-runtime xxd
0 upgraded, 6 newly installed, 0 to remove and 2 not upgraded.
Need to get 8138 kB of archives.
After this operation, 37.3 MB of additional disk space will be used.
Do you want to continue? [Y/n] Y
Get:1 http://archive.ubuntu.com/ubuntu bionic/main amd64 xxd amd64 2:8.0.1453-1ubuntu1 [49.2 kB]
Get:2 http://archive.ubuntu.com/ubuntu bionic/main amd64 vim-common all 2:8.0.1453-1ubuntu1 [70.4 kB]
Get:3 http://archive.ubuntu.com/ubuntu bionic/main amd64 libgpm2 amd64 1.20.7-5 [15.1 kB]
Get:4 http://archive.ubuntu.com/ubuntu bionic-updates/main amd64 libpython3.6 amd64 3.6.7-1~18.04 [1415 kB]
Get:5 http://archive.ubuntu.com/ubuntu bionic/main amd64 vim-runtime all 2:8.0.1453-1ubuntu1 [5437 kB]
Get:6 http://archive.ubuntu.com/ubuntu bionic/main amd64 vim amd64 2:8.0.1453-1ubuntu1 [1152 kB]                                                                                                           
Fetched 8138 kB in 17s (483 kB/s)                                                                                                                                                                          
debconf: delaying package configuration, since apt-utils is not installed
Selecting previously unselected package xxd.
(Reading database ... 9948 files and directories currently installed.)
Preparing to unpack .../0-xxd_2%3a8.0.1453-1ubuntu1_amd64.deb ...
Unpacking xxd (2:8.0.1453-1ubuntu1) ...
Selecting previously unselected package vim-common.
Preparing to unpack .../1-vim-common_2%3a8.0.1453-1ubuntu1_all.deb ...
Unpacking vim-common (2:8.0.1453-1ubuntu1) ...
Selecting previously unselected package libgpm2:amd64.
Preparing to unpack .../2-libgpm2_1.20.7-5_amd64.deb ...
Unpacking libgpm2:amd64 (1.20.7-5) ...
Selecting previously unselected package libpython3.6:amd64.
Preparing to unpack .../3-libpython3.6_3.6.7-1~18.04_amd64.deb ...
Unpacking libpython3.6:amd64 (3.6.7-1~18.04) ...
Selecting previously unselected package vim-runtime.
Preparing to unpack .../4-vim-runtime_2%3a8.0.1453-1ubuntu1_all.deb ...
Adding 'diversion of /usr/share/vim/vim80/doc/help.txt to /usr/share/vim/vim80/doc/help.txt.vim-tiny by vim-runtime'
Adding 'diversion of /usr/share/vim/vim80/doc/tags to /usr/share/vim/vim80/doc/tags.vim-tiny by vim-runtime'
Unpacking vim-runtime (2:8.0.1453-1ubuntu1) ...
Selecting previously unselected package vim.
Preparing to unpack .../5-vim_2%3a8.0.1453-1ubuntu1_amd64.deb ...
Unpacking vim (2:8.0.1453-1ubuntu1) ...
Processing triggers for mime-support (3.60ubuntu1) ...
Setting up xxd (2:8.0.1453-1ubuntu1) ...
Setting up libgpm2:amd64 (1.20.7-5) ...
Processing triggers for libc-bin (2.27-3ubuntu1) ...
Setting up vim-common (2:8.0.1453-1ubuntu1) ...
Setting up vim-runtime (2:8.0.1453-1ubuntu1) ...
Setting up libpython3.6:amd64 (3.6.7-1~18.04) ...
Setting up vim (2:8.0.1453-1ubuntu1) ...
update-alternatives: using /usr/bin/vim.basic to provide /usr/bin/vim (vim) in auto mode
update-alternatives: using /usr/bin/vim.basic to provide /usr/bin/vimdiff (vimdiff) in auto mode
update-alternatives: using /usr/bin/vim.basic to provide /usr/bin/rvim (rvim) in auto mode
update-alternatives: using /usr/bin/vim.basic to provide /usr/bin/rview (rview) in auto mode
update-alternatives: using /usr/bin/vim.basic to provide /usr/bin/vi (vi) in auto mode
update-alternatives: warning: skip creation of /usr/share/man/fr/man1/vi.1.gz because associated file /usr/share/man/fr/man1/vim.1.gz (of link group vi) doesn't exist
update-alternatives: warning: skip creation of /usr/share/man/it/man1/vi.1.gz because associated file /usr/share/man/it/man1/vim.1.gz (of link group vi) doesn't exist
update-alternatives: warning: skip creation of /usr/share/man/pl/man1/vi.1.gz because associated file /usr/share/man/pl/man1/vim.1.gz (of link group vi) doesn't exist
update-alternatives: warning: skip creation of /usr/share/man/ru/man1/vi.1.gz because associated file /usr/share/man/ru/man1/vim.1.gz (of link group vi) doesn't exist
update-alternatives: warning: skip creation of /usr/share/man/ja/man1/vi.1.gz because associated file /usr/share/man/ja/man1/vim.1.gz (of link group vi) doesn't exist
update-alternatives: warning: skip creation of /usr/share/man/man1/vi.1.gz because associated file /usr/share/man/man1/vim.1.gz (of link group vi) doesn't exist
update-alternatives: using /usr/bin/vim.basic to provide /usr/bin/view (view) in auto mode
update-alternatives: warning: skip creation of /usr/share/man/fr/man1/view.1.gz because associated file /usr/share/man/fr/man1/vim.1.gz (of link group view) doesn't exist
update-alternatives: warning: skip creation of /usr/share/man/it/man1/view.1.gz because associated file /usr/share/man/it/man1/vim.1.gz (of link group view) doesn't exist
update-alternatives: warning: skip creation of /usr/share/man/pl/man1/view.1.gz because associated file /usr/share/man/pl/man1/vim.1.gz (of link group view) doesn't exist
update-alternatives: warning: skip creation of /usr/share/man/ru/man1/view.1.gz because associated file /usr/share/man/ru/man1/vim.1.gz (of link group view) doesn't exist
update-alternatives: warning: skip creation of /usr/share/man/ja/man1/view.1.gz because associated file /usr/share/man/ja/man1/vim.1.gz (of link group view) doesn't exist
update-alternatives: warning: skip creation of /usr/share/man/man1/view.1.gz because associated file /usr/share/man/man1/vim.1.gz (of link group view) doesn't exist
update-alternatives: using /usr/bin/vim.basic to provide /usr/bin/ex (ex) in auto mode
update-alternatives: warning: skip creation of /usr/share/man/fr/man1/ex.1.gz because associated file /usr/share/man/fr/man1/vim.1.gz (of link group ex) doesn't exist
update-alternatives: warning: skip creation of /usr/share/man/it/man1/ex.1.gz because associated file /usr/share/man/it/man1/vim.1.gz (of link group ex) doesn't exist
update-alternatives: warning: skip creation of /usr/share/man/pl/man1/ex.1.gz because associated file /usr/share/man/pl/man1/vim.1.gz (of link group ex) doesn't exist
update-alternatives: warning: skip creation of /usr/share/man/ru/man1/ex.1.gz because associated file /usr/share/man/ru/man1/vim.1.gz (of link group ex) doesn't exist
update-alternatives: warning: skip creation of /usr/share/man/ja/man1/ex.1.gz because associated file /usr/share/man/ja/man1/vim.1.gz (of link group ex) doesn't exist
update-alternatives: warning: skip creation of /usr/share/man/man1/ex.1.gz because associated file /usr/share/man/man1/vim.1.gz (of link group ex) doesn't exist
update-alternatives: using /usr/bin/vim.basic to provide /usr/bin/editor (editor) in auto mode
update-alternatives: warning: skip creation of /usr/share/man/fr/man1/editor.1.gz because associated file /usr/share/man/fr/man1/vim.1.gz (of link group editor) doesn't exist
update-alternatives: warning: skip creation of /usr/share/man/it/man1/editor.1.gz because associated file /usr/share/man/it/man1/vim.1.gz (of link group editor) doesn't exist
update-alternatives: warning: skip creation of /usr/share/man/pl/man1/editor.1.gz because associated file /usr/share/man/pl/man1/vim.1.gz (of link group editor) doesn't exist
update-alternatives: warning: skip creation of /usr/share/man/ru/man1/editor.1.gz because associated file /usr/share/man/ru/man1/vim.1.gz (of link group editor) doesn't exist
update-alternatives: warning: skip creation of /usr/share/man/ja/man1/editor.1.gz because associated file /usr/share/man/ja/man1/vim.1.gz (of link group editor) doesn't exist
update-alternatives: warning: skip creation of /usr/share/man/man1/editor.1.gz because associated file /usr/share/man/man1/vim.1.gz (of link group editor) doesn't exist
Processing triggers for libc-bin (2.27-3ubuntu1) ...
root@125473e03063:~# ^C
root@125473e03063:~# ^C
root@125473e03063:~# ^C
root@125473e03063:~# 

